---
source: src/parser.rs
expression: program
---
statements:
  - Expr:
      expr:
        IntLit: 42
