---
source: src/parser.rs
expression: program
---
statements:
  - Expr:
      expr:
        BinOp:
          lhs:
            IntLit: 42
          op: Add
          rhs:
            IntLit: 10
