---
source: src/parser.rs
expression: program
---
statements:
  - Assign:
      name: x
      value:
        IntLit: 42
