---
source: src/parser.rs
expression: program
---
statements:
  - LetDecl:
      name: x
      type: ~
      value:
        IntLit: 42
